Archive member included to satisfy reference by file (symbol)

E:\Users\Steven\Documents\GitHub\MICROC~1\7.0\AVR\HELLO_~1\HELLO_~1\ARDUIN~1\Debug\libArduinoCore.a(HardwareSerial.o)
                              Sketch.o (_ZN14HardwareSerial5beginEmh)
E:\Users\Steven\Documents\GitHub\MICROC~1\7.0\AVR\HELLO_~1\HELLO_~1\ARDUIN~1\Debug\libArduinoCore.a(HardwareSerial0.o)
                              Sketch.o (Serial)
E:\Users\Steven\Documents\GitHub\MICROC~1\7.0\AVR\HELLO_~1\HELLO_~1\ARDUIN~1\Debug\libArduinoCore.a(main.o)
                              C:/Program Files (x86)/Atmel/Studio/7.0/Packs/Atmel/ATmega_DFP/2.0.401/gcc/dev/atmega328p/avr5/crtatmega328p.o (main)
E:\Users\Steven\Documents\GitHub\MICROC~1\7.0\AVR\HELLO_~1\HELLO_~1\ARDUIN~1\Debug\libArduinoCore.a(Print.o)
                              E:\Users\Steven\Documents\GitHub\MICROC~1\7.0\AVR\HELLO_~1\HELLO_~1\ARDUIN~1\Debug\libArduinoCore.a(HardwareSerial.o) (_ZN5Print5writeEPKhj)
E:\Users\Steven\Documents\GitHub\MICROC~1\7.0\AVR\HELLO_~1\HELLO_~1\ARDUIN~1\Debug\libArduinoCore.a(wiring.o)
                              Sketch.o (delay)
E:\Users\Steven\Documents\GitHub\MICROC~1\7.0\AVR\HELLO_~1\HELLO_~1\ARDUIN~1\Debug\libArduinoCore.a(LiquidCrystal_I2C_Hangul.o)
                              Sketch.o (_ZN24LiquidCrystal_I2C_HangulC1Ehhh)
E:\Users\Steven\Documents\GitHub\MICROC~1\7.0\AVR\HELLO_~1\HELLO_~1\ARDUIN~1\Debug\libArduinoCore.a(Wire.o)
                              E:\Users\Steven\Documents\GitHub\MICROC~1\7.0\AVR\HELLO_~1\HELLO_~1\ARDUIN~1\Debug\libArduinoCore.a(LiquidCrystal_I2C_Hangul.o) (_ZN7TwoWire5writeEh)
E:\Users\Steven\Documents\GitHub\MICROC~1\7.0\AVR\HELLO_~1\HELLO_~1\ARDUIN~1\Debug\libArduinoCore.a(abi.o)
                              E:\Users\Steven\Documents\GitHub\MICROC~1\7.0\AVR\HELLO_~1\HELLO_~1\ARDUIN~1\Debug\libArduinoCore.a(Print.o) (__cxa_pure_virtual)
E:\Users\Steven\Documents\GitHub\MICROC~1\7.0\AVR\HELLO_~1\HELLO_~1\ARDUIN~1\Debug\libArduinoCore.a(hooks.o)
                              E:\Users\Steven\Documents\GitHub\MICROC~1\7.0\AVR\HELLO_~1\HELLO_~1\ARDUIN~1\Debug\libArduinoCore.a(wiring.o) (yield)
E:\Users\Steven\Documents\GitHub\MICROC~1\7.0\AVR\HELLO_~1\HELLO_~1\ARDUIN~1\Debug\libArduinoCore.a(twi.o)
                              E:\Users\Steven\Documents\GitHub\MICROC~1\7.0\AVR\HELLO_~1\HELLO_~1\ARDUIN~1\Debug\libArduinoCore.a(Wire.o) (twi_init)
E:\Users\Steven\Documents\GitHub\MICROC~1\7.0\AVR\HELLO_~1\HELLO_~1\ARDUIN~1\Debug\libArduinoCore.a(wiring_digital.o)
                              E:\Users\Steven\Documents\GitHub\MICROC~1\7.0\AVR\HELLO_~1\HELLO_~1\ARDUIN~1\Debug\libArduinoCore.a(twi.o) (digitalWrite)
c:/program files (x86)/atmel/studio/7.0/toolchain/avr8/avr8-gnu-toolchain/bin/../lib/gcc/avr/5.4.0/../../../../avr/lib/avr5\libm.a(addsf3.o)
                              E:\Users\Steven\Documents\GitHub\MICROC~1\7.0\AVR\HELLO_~1\HELLO_~1\ARDUIN~1\Debug\libArduinoCore.a(Print.o) (__subsf3)
c:/program files (x86)/atmel/studio/7.0/toolchain/avr8/avr8-gnu-toolchain/bin/../lib/gcc/avr/5.4.0/../../../../avr/lib/avr5\libm.a(addsf3x.o)
                              c:/program files (x86)/atmel/studio/7.0/toolchain/avr8/avr8-gnu-toolchain/bin/../lib/gcc/avr/5.4.0/../../../../avr/lib/avr5\libm.a(addsf3.o) (__addsf3x)
c:/program files (x86)/atmel/studio/7.0/toolchain/avr8/avr8-gnu-toolchain/bin/../lib/gcc/avr/5.4.0/../../../../avr/lib/avr5\libm.a(cmpsf2.o)
                              E:\Users\Steven\Documents\GitHub\MICROC~1\7.0\AVR\HELLO_~1\HELLO_~1\ARDUIN~1\Debug\libArduinoCore.a(Print.o) (__ltsf2)
c:/program files (x86)/atmel/studio/7.0/toolchain/avr8/avr8-gnu-toolchain/bin/../lib/gcc/avr/5.4.0/../../../../avr/lib/avr5\libm.a(divsf3.o)
                              E:\Users\Steven\Documents\GitHub\MICROC~1\7.0\AVR\HELLO_~1\HELLO_~1\ARDUIN~1\Debug\libArduinoCore.a(Print.o) (__divsf3)
c:/program files (x86)/atmel/studio/7.0/toolchain/avr8/avr8-gnu-toolchain/bin/../lib/gcc/avr/5.4.0/../../../../avr/lib/avr5\libm.a(divsf3x.o)
                              c:/program files (x86)/atmel/studio/7.0/toolchain/avr8/avr8-gnu-toolchain/bin/../lib/gcc/avr/5.4.0/../../../../avr/lib/avr5\libm.a(divsf3.o) (__divsf3x)
c:/program files (x86)/atmel/studio/7.0/toolchain/avr8/avr8-gnu-toolchain/bin/../lib/gcc/avr/5.4.0/../../../../avr/lib/avr5\libm.a(fixunssfsi.o)
                              E:\Users\Steven\Documents\GitHub\MICROC~1\7.0\AVR\HELLO_~1\HELLO_~1\ARDUIN~1\Debug\libArduinoCore.a(Print.o) (__fixunssfsi)
c:/program files (x86)/atmel/studio/7.0/toolchain/avr8/avr8-gnu-toolchain/bin/../lib/gcc/avr/5.4.0/../../../../avr/lib/avr5\libm.a(floatsisf.o)
                              E:\Users\Steven\Documents\GitHub\MICROC~1\7.0\AVR\HELLO_~1\HELLO_~1\ARDUIN~1\Debug\libArduinoCore.a(Print.o) (__floatunsisf)
c:/program files (x86)/atmel/studio/7.0/toolchain/avr8/avr8-gnu-toolchain/bin/../lib/gcc/avr/5.4.0/../../../../avr/lib/avr5\libm.a(fp_cmp.o)
[...]
Memory Configuration

Name             Origin             Length             Attributes
text             0x00000000         0x00008000         xr
data             0x00800100         0x00000800         rw !x
eeprom           0x00810000         0x00000400         rw !x
fuse             0x00820000         0x00000003         rw !x
lock             0x00830000         0x00000400         rw !x
signature        0x00840000         0x00000400         rw !x
user_signatures  0x00850000         0x00000400         rw !x
*default*        0x00000000         0xffffffff

Linker script and memory map

Address of section .data set to 0x800100
LOAD C:/Program Files (x86)/Atmel/Studio/7.0/Packs/Atmel/ATmega_DFP/2.0.401/gcc/dev/atmega328p/avr5/crtatmega328p.o
LOAD Sketch.o
START GROUP
LOAD c:/program files (x86)/atmel/studio/7.0/toolchain/avr8/avr8-gnu-toolchain/bin/../lib/gcc/avr/5.4.0/../../../../avr/lib/avr5\libm.a
LOAD E:\Users\Steven\Documents\GitHub\MICROC~1\7.0\AVR\HELLO_~1\HELLO_~1\ARDUIN~1\Debug\libArduinoCore.a
END GROUP
LOAD c:/program files (x86)/atmel/studio/7.0/toolchain/avr8/avr8-gnu-toolchain/bin/../lib/gcc/avr/5.4.0/avr5\libgcc.a
LOAD c:/program files (x86)/atmel/studio/7.0/toolchain/avr8/avr8-gnu-toolchain/bin/../lib/gcc/avr/5.4.0/../../../../avr/lib/avr5\libm.a
START GROUP
LOAD c:/program files (x86)/atmel/studio/7.0/toolchain/avr8/avr8-gnu-toolchain/bin/../lib/gcc/avr/5.4.0/avr5\libgcc.a
LOAD c:/program files (x86)/atmel/studio/7.0/toolchain/avr8/avr8-gnu-toolchain/bin/../lib/gcc/avr/5.4.0/../../../../avr/lib/avr5\libm.a
LOAD c:/program files (x86)/atmel/studio/7.0/toolchain/avr8/avr8-gnu-toolchain/bin/../lib/gcc/avr/5.4.0/../../../../avr/lib/avr5\libc.a
LOAD C:/Program Files (x86)/Atmel/Studio/7.0/Packs/Atmel/ATmega_DFP/2.0.401/gcc/dev/atmega328p/avr5\libatmega328p.a
END GROUP
                0x00000000                __TEXT_REGION_ORIGIN__ = DEFINED (__TEXT_REGION_ORIGIN__)?__TEXT_REGION_ORIGIN__:0x0
                [0x00800100]                __DATA_REGION_ORIGIN__ = DEFINED (__DATA_REGION_ORIGIN__)?__DATA_REGION_ORIGIN__:0x800060
                [0x00008000]                __TEXT_REGION_LENGTH__ = DEFINED (__TEXT_REGION_LENGTH__)?__TEXT_REGION_LENGTH__:0x20000
                [0x00000800]                __DATA_REGION_LENGTH__ = DEFINED (__DATA_REGION_LENGTH__)?__DATA_REGION_LENGTH__:0xffa0
                [0x00000400]                __EEPROM_REGION_LENGTH__ = DEFINED (__EEPROM_REGION_LENGTH__)?__EEPROM_REGION_LENGTH__:0x10000
                [0x00000003]                __FUSE_REGION_LENGTH__ = DEFINED (__FUSE_REGION_LENGTH__)?__FUSE_REGION_LENGTH__:0x400
                0x00000400                __LOCK_REGION_LENGTH__ = DEFINED (__LOCK_REGION_LENGTH__)?__LOCK_REGION_LENGTH__:0x400
                0x00000400                __SIGNATURE_REGION_LENGTH__ = DEFINED (__SIGNATURE_REGION_LENGTH__)?__SIGNATURE_REGION_LENGTH__:0x400
                0x00000400                __USER_SIGNATURE_REGION_LENGTH__ = DEFINED (__USER_SIGNATURE_REGION_LENGTH__)?__USER_SIGNATURE_REGION_LENGTH__:0x400

.hash
 *(.hash)

.dynsym
 *(.dynsym)

.dynstr
 *(.dynstr)

.gnu.version
 *(.gnu.version)

.gnu.version_d
 *(.gnu.version_d)

.gnu.version_r
 *(.gnu.version_r)

.rel.init
 *(.rel.init)

.rela.init
 *(.rela.init)

.rel.text
 *(.rel.text)
 *(.rel.text.*)
 *(.rel.gnu.linkonce.t*)

.rela.text
 *(.rela.text)
 *(.rela.text.*)
 *(.rela.gnu.linkonce.t*)

.rel.fini
 *(.rel.fini)

.rela.fini
 *(.rela.fini)

.rel.rodata
 *(.rel.rodata)
 *(.rel.rodata.*)
 *(.rel.gnu.linkonce.r*)

.rela.rodata
 *(.rela.rodata)
 *(.rela.rodata.*)
 *(.rela.gnu.linkonce.r*)

.rel.data
 *(.rel.data)
 *(.rel.data.*)
 *(.rel.gnu.linkonce.d*)

.rela.data
 *(.rela.data)
 *(.rela.data.*)
 *(.rela.gnu.linkonce.d*)

.rel.ctors
 *(.rel.ctors)

.rela.ctors
 *(.rela.ctors)

.rel.dtors
 *(.rel.dtors)

.rela.dtors
 *(.rela.dtors)

.rel.got
 *(.rel.got)

.rela.got
 *(.rela.got)

.rel.bss
 *(.rel.bss)

.rela.bss
 *(.rela.bss)

.rel.plt
 *(.rel.plt)

.rela.plt
 *(.rela.plt)

.text           0x00000000     0x1cd0
 *(.vectors)
 .vectors       0x00000000       0x68 C:/Program Files (x86)/Atmel/Studio/7.0/Packs/Atmel/ATmega_DFP/2.0.401/gcc/dev/atmega328p/avr5/crtatmega328p.o
                0x00000000                __vector_default
                0x00000000                __vectors
 *(.vectors)
 *(.progmem.gcc*)
                0x00000068                . = ALIGN (0x2)
                0x00000068                __trampolines_start = .
 *(.trampolines)
 .trampolines   0x00000068        0x0 linker stubs
 *(.trampolines*)
                0x00000068                __trampolines_end = .
 *libprintf_flt.a:*(.progmem.data)
 *libc.a:*(.progmem.data)
 *(.progmem*)
 .progmem.data.digital_pin_to_timer_PGM
                0x00000068       0x14 E:\Users\Steven\Documents\GitHub\MICROC~1\7.0\AVR\HELLO_~1\HELLO_~1\ARDUIN~1\Debug\libArduinoCore.a(wiring_digital.o)
                0x00000068                digital_pin_to_timer_PGM
 .progmem.data.digital_pin_to_bit_mask_PGM
                0x0000007c       0x14 E:\Users\Steven\Documents\GitHub\MICROC~1\7.0\AVR\HELLO_~1\HELLO_~1\ARDUIN~1\Debug\libArduinoCore.a(wiring_digital.o)
                0x0000007c                digital_pin_to_bit_mask_PGM
 .progmem.data.digital_pin_to_port_PGM
                0x00000090       0x14 E:\Users\Steven\Documents\GitHub\MICROC~1\7.0\AVR\HELLO_~1\HELLO_~1\ARDUIN~1\Debug\libArduinoCore.a(wiring_digital.o)
                0x00000090                digital_pin_to_port_PGM
 .progmem.data.port_to_output_PGM
                0x000000a4        0xa E:\Users\Steven\Documents\GitHub\MICROC~1\7.0\AVR\HELLO_~1\HELLO_~1\ARDUIN~1\Debug\libArduinoCore.a(wiring_digital.o)
                0x000000a4                port_to_output_PGM
                0x000000ae                . = ALIGN (0x2)
 *(.jumptables)
 *(.jumptables*)
 *(.lowtext)
 *(.lowtext*)
                0x000000ae                __ctors_start = .
 *(.ctors)
 .ctors         0x000000ae        0x2 Sketch.o
 .ctors         0x000000b0        0x2 E:\Users\Steven\Documents\GitHub\MICROC~1\7.0\AVR\HELLO_~1\HELLO_~1\ARDUIN~1\Debug\libArduinoCore.a(HardwareSerial0.o)
 .ctors         0x000000b2        0x2 E:\Users\Steven\Documents\GitHub\MICROC~1\7.0\AVR\HELLO_~1\HELLO_~1\ARDUIN~1\Debug\libArduinoCore.a(Wire.o)
                0x000000b4                __ctors_end = .
                0x000000b4                __dtors_start = .
 *(.dtors)
                0x000000b4                __dtors_end = .
 SORT(*)(.ctors)
 SORT(*)(.dtors)
 *(.init0)
 .init0         0x000000b4        0x0 C:/Program Files (x86)/Atmel/Studio/7.0/Packs/Atmel/ATmega_DFP/2.0.401/gcc/dev/atmega328p/avr5/crtatmega328p.o
                0x000000b4                __init
 *(.init0)
 *(.init1)
 *(.init1)
 *(.init2)
 .init2         0x000000b4        0xc C:/Program Files (x86)/Atmel/Studio/7.0/Packs/Atmel/ATmega_DFP/2.0.401/gcc/dev/atmega328p/avr5/crtatmega328p.o
 *(.init2)
 *(.init3)
 *(.init3)
 *(.init4)
 .init4         0x000000c0       0x16 c:/program files (x86)/atmel/studio/7.0/toolchain/avr8/avr8-gnu-toolchain/bin/../lib/gcc/avr/5.4.0/avr5\libgcc.a(_copy_data.o)
                0x000000c0                __do_copy_data
 .init4         0x000000d6       0x10 c:/program files (x86)/atmel/studio/7.0/toolchain/avr8/avr8-gnu-toolchain/bin/../lib/gcc/avr/5.4.0/avr5\libgcc.a(_clear_bss.o)
                0x000000d6                __do_clear_bss
 *(.init4)
 *(.init5)
 *(.init5)
 *(.init6)
 .init6         0x000000e6       0x16 c:/program files (x86)/atmel/studio/7.0/toolchain/avr8/avr8-gnu-toolchain/bin/../lib/gcc/avr/5.4.0/avr5\libgcc.a(_ctors.o)
                0x000000e6                __do_global_ctors
 *(.init6)
 *(.init7)
 *(.init7)
 *(.init8)
 *(.init8)
 *(.init9)
 .init9         0x000000fc        0x8 C:/Program Files (x86)/Atmel/Studio/7.0/Packs/Atmel/ATmega_DFP/2.0.401/gcc/dev/atmega328p/avr5/crtatmega328p.o
 *(.init9)
 *(.text)
 .text          0x00000104        0x4 C:/Program Files (x86)/Atmel/Studio/7.0/Packs/Atmel/ATmega_DFP/2.0.401/gcc/dev/atmega328p/avr5/crtatmega328p.o
                0x00000104                __vector_22
                0x00000104                __vector_1
                0x00000104                __vector_12
                0x00000104                __bad_interrupt
                0x00000104                __vector_6
                0x00000104                __vector_3
                0x00000104                __vector_23
                0x00000104                __vector_25
                0x00000104                __vector_11
                0x00000104                __vector_13
                0x00000104                __vector_17
                0x00000104                __vector_7
                0x00000104                __vector_5
                0x00000104                __vector_4
                0x00000104                __vector_9
                0x00000104                __vector_2
                0x00000104                __vector_21
                0x00000104                __vector_15
                0x00000104                __vector_8
                0x00000104                __vector_14
                0x00000104                __vector_10
                0x00000104                __vector_20
                0x00000108                . = ALIGN (0x2)
 *(.text.*)
 .text.setup    0x00000108       0x4e Sketch.o
                0x00000108                setup
 .text.loop     0x00000156       0x44 Sketch.o
                0x00000156                loop
 .text.startup._GLOBAL__sub_I_lcd
                0x0000019a        0xe Sketch.o
 .text._ZN14HardwareSerial9availableEv
                0x000001a8       0x18 E:\Users\Steven\Documents\GitHub\MICROC~1\7.0\AVR\HELLO_~1\HELLO_~1\ARDUIN~1\Debug\libArduinoCore.a(HardwareSerial.o)
                0x000001a8                _ZN14HardwareSerial9availableEv
 .text._ZN14HardwareSerial4peekEv
                0x000001c0       0x1c E:\Users\Steven\Documents\GitHub\MICROC~1\7.0\AVR\HELLO_~1\HELLO_~1\ARDUIN~1\Debug\libArduinoCore.a(HardwareSerial.o)
                0x000001c0                _ZN14HardwareSerial4peekEv
 .text._ZN14HardwareSerial4readEv
                0x000001dc       0x28 E:\Users\Steven\Documents\GitHub\MICROC~1\7.0\AVR\HELLO_~1\HELLO_~1\ARDUIN~1\Debug\libArduinoCore.a(HardwareSerial.o)
                0x000001dc                _ZN14HardwareSerial4readEv
 .text._ZN14HardwareSerial17availableForWriteEv
                0x00000204       0x1e E:\Users\Steven\Documents\GitHub\MICROC~1\7.0\AVR\HELLO_~1\HELLO_~1\ARDUIN~1\Debug\libArduinoCore.a(HardwareSerial.o)
                0x00000204                _ZN14HardwareSerial17availableForWriteEv
 .text._Z14serialEventRunv
                0x00000222       0x1c E:\Users\Steven\Documents\GitHub\MICROC~1\7.0\AVR\HELLO_~1\HELLO_~1\ARDUIN~1\Debug\libArduinoCore.a(HardwareSerial.o)
                0x00000222                _Z14serialEventRunv
 .text._ZN14HardwareSerial17_tx_udr_empty_irqEv
                0x0000023e       0x44 E:\Users\Steven\Documents\GitHub\MICROC~1\7.0\AVR\HELLO_~1\HELLO_~1\ARDUIN~1\Debug\libArduinoCore.a(HardwareSerial.o)
                0x0000023e                _ZN14HardwareSerial17_tx_udr_empty_irqEv
 .text._ZN14HardwareSerial5writeEh
                0x00000282       0x9a E:\Users\Steven\Documents\GitHub\MICROC~1\7.0\AVR\HELLO_~1\HELLO_~1\ARDUIN~1\Debug\libArduinoCore.a(HardwareSerial.o)
                0x00000282                _ZN14HardwareSerial5writeEh
 .text._ZN14HardwareSerial5flushEv
                0x0000031c       0x44 E:\Users\Steven\Documents\GitHub\MICROC~1\7.0\AVR\HELLO_~1\HELLO_~1\ARDUIN~1\Debug\libArduinoCore.a(HardwareSerial.o)
                0x0000031c                _ZN14HardwareSerial5flushEv
 .text._ZN14HardwareSerial5beginEmh
                0x00000360       0xca E:\Users\Steven\Documents\GitHub\MICROC~1\7.0\AVR\HELLO_~1\HELLO_~1\ARDUIN~1\Debug\libArduinoCore.a(HardwareSerial.o)
                0x00000360                _ZN14HardwareSerial5beginEmh
 .text._ZN5Print17availableForWriteEv
                0x0000042a        0x6 E:\Users\Steven\Documents\GitHub\MICROC~1\7.0\AVR\HELLO_~1\HELLO_~1\ARDUIN~1\Debug\libArduinoCore.a(HardwareSerial0.o)
                0x0000042a                _ZN5Print17availableForWriteEv
 .text._ZN5Print5flushEv
                0x00000430        0x2 E:\Users\Steven\Documents\GitHub\MICROC~1\7.0\AVR\HELLO_~1\HELLO_~1\ARDUIN~1\Debug\libArduinoCore.a(HardwareSerial0.o)
                0x00000430                _ZN5Print5flushEv
 .text.__vector_18
                0x00000432       0x64 E:\Users\Steven\Documents\GitHub\MICROC~1\7.0\AVR\HELLO_~1\HELLO_~1\ARDUIN~1\Debug\libArduinoCore.a(HardwareSerial0.o)
                0x00000432                __vector_18
 .text.__vector_19
                0x00000496       0x4c E:\Users\Steven\Documents\GitHub\MICROC~1\7.0\AVR\HELLO_~1\HELLO_~1\ARDUIN~1\Debug\libArduinoCore.a(HardwareSerial0.o)
                0x00000496                __vector_19
 .text._Z17Serial0_availablev
                0x000004e2       0x14 E:\Users\Steven\Documents\GitHub\MICROC~1\7.0\AVR\HELLO_~1\HELLO_~1\ARDUIN~1\Debug\libArduinoCore.a(HardwareSerial0.o)
                0x000004e2                _Z17Serial0_availablev
 .text.startup._GLOBAL__sub_I___vector_18
                0x000004f6       0x5a E:\Users\Steven\Documents\GitHub\MICROC~1\7.0\AVR\HELLO_~1\HELLO_~1\ARDUIN~1\Debug\libArduinoCore.a(HardwareSerial0.o)
 .text.initVariant
                0x00000550        0x2 E:\Users\Steven\Documents\GitHub\MICROC~1\7.0\AVR\HELLO_~1\HELLO_~1\ARDUIN~1\Debug\libArduinoCore.a(main.o)
                0x00000550                initVariant
 .text.startup.main
                0x00000552       0x1e E:\Users\Steven\Documents\GitHub\MICROC~1\7.0\AVR\HELLO_~1\HELLO_~1\ARDUIN~1\Debug\libArduinoCore.a(main.o)
                0x00000552                main
 .text._ZN5Print5writeEPKhj
                0x00000570       0x54 E:\Users\Steven\Documents\GitHub\MICROC~1\7.0\AVR\HELLO_~1\HELLO_~1\ARDUIN~1\Debug\libArduinoCore.a(Print.o)
                0x00000570                _ZN5Print5writeEPKhj
 .text._ZN5Print5writeEPKc
                0x000005c4       0x2a E:\Users\Steven\Documents\GitHub\MICROC~1\7.0\AVR\HELLO_~1\HELLO_~1\ARDUIN~1\Debug\libArduinoCore.a(Print.o)
                0x000005c4                _ZN5Print5writeEPKc
 .text._ZN5Print5printEPKc
                0x000005ee        0x4 E:\Users\Steven\Documents\GitHub\MICROC~1\7.0\AVR\HELLO_~1\HELLO_~1\ARDUIN~1\Debug\libArduinoCore.a(Print.o)
                0x000005ee                _ZN5Print5printEPKc
 .text._ZN5Print7printlnEv
                0x000005f2        0x8 E:\Users\Steven\Documents\GitHub\MICROC~1\7.0\AVR\HELLO_~1\HELLO_~1\ARDUIN~1\Debug\libArduinoCore.a(Print.o)
                0x000005f2                _ZN5Print7printlnEv
 .text._ZN5Print7printlnEPKc
                0x000005fa       0x24 E:\Users\Steven\Documents\GitHub\MICROC~1\7.0\AVR\HELLO_~1\HELLO_~1\ARDUIN~1\Debug\libArduinoCore.a(Print.o)
                0x000005fa                _ZN5Print7printlnEPKc
 .text.__vector_16
                0x0000061e       0x94 E:\Users\Steven\Documents\GitHub\MICROC~1\7.0\AVR\HELLO_~1\HELLO_~1\ARDUIN~1\Debug\libArduinoCore.a(wiring.o)
                0x0000061e                __vector_16
 .text.micros   0x000006b2       0x4a E:\Users\Steven\Documents\GitHub\MICROC~1\7.0\AVR\HELLO_~1\HELLO_~1\ARDUIN~1\Debug\libArduinoCore.a(wiring.o)
                0x000006b2                micros
 .text.delay    0x000006fc       0x78 E:\Users\Steven\Documents\GitHub\MICROC~1\7.0\AVR\HELLO_~1\HELLO_~1\ARDUIN~1\Debug\libArduinoCore.a(wiring.o)
                0x000006fc                delay
 .text.delayMicroseconds
                0x00000774       0x16 E:\Users\Steven\Documents\GitHub\MICROC~1\7.0\AVR\HELLO_~1\HELLO_~1\ARDUIN~1\Debug\libArduinoCore.a(wiring.o)
                0x00000774                delayMicroseconds
 .text.init     0x0000078a       0x76 E:\Users\Steven\Documents\GitHub\MICROC~1\7.0\AVR\HELLO_~1\HELLO_~1\ARDUIN~1\Debug\libArduinoCore.a(wiring.o)
                0x0000078a                init
 .text._ZN24LiquidCrystal_I2C_HangulC2Ehhh
                0x00000800      0xa0c E:\Users\Steven\Documents\GitHub\MICROC~1\7.0\AVR\HELLO_~1\HELLO_~1\ARDUIN~1\Debug\libArduinoCore.a(LiquidCrystal_I2C_Hangul.o)
                0x00000800                _ZN24LiquidCrystal_I2C_HangulC1Ehhh
                0x00000800                _ZN24LiquidCrystal_I2C_HangulC2Ehhh
 .text._ZN24LiquidCrystal_I2C_Hangul13expanderWriteEh
                0x0000120c       0x2e E:\Users\Steven\Documents\GitHub\MICROC~1\7.0\AVR\HELLO_~1\HELLO_~1\ARDUIN~1\Debug\libArduinoCore.a(LiquidCrystal_I2C_Hangul.o)
                0x0000120c                _ZN24LiquidCrystal_I2C_Hangul13expanderWriteEh
 .text._ZN24LiquidCrystal_I2C_Hangul9backlightEv
                0x0000123a        0xc E:\Users\Steven\Documents\GitHub\MICROC~1\7.0\AVR\HELLO_~1\HELLO_~1\ARDUIN~1\Debug\libArduinoCore.a(LiquidCrystal_I2C_Hangul.o)
                0x0000123a                _ZN24LiquidCrystal_I2C_Hangul9backlightEv
 .text._ZN24LiquidCrystal_I2C_Hangul11pulseEnableEh
                0x00001246       0x30 E:\Users\Steven\Documents\GitHub\MICROC~1\7.0\AVR\HELLO_~1\HELLO_~1\ARDUIN~1\Debug\libArduinoCore.a(LiquidCrystal_I2C_Hangul.o)
                0x00001246                _ZN24LiquidCrystal_I2C_Hangul11pulseEnableEh
 .text._ZN24LiquidCrystal_I2C_Hangul10write4bitsEh
                0x00001276       0x1c E:\Users\Steven\Documents\GitHub\MICROC~1\7.0\AVR\HELLO_~1\HELLO_~1\ARDUIN~1\Debug\libArduinoCore.a(LiquidCrystal_I2C_Hangul.o)
                0x00001276                _ZN24LiquidCrystal_I2C_Hangul10write4bitsEh
 .text._ZN24LiquidCrystal_I2C_Hangul4sendEhh
                0x00001292       0x2e E:\Users\Steven\Documents\GitHub\MICROC~1\7.0\AVR\HELLO_~1\HELLO_~1\ARDUIN~1\Debug\libArduinoCore.a(LiquidCrystal_I2C_Hangul.o)
                0x00001292                _ZN24LiquidCrystal_I2C_Hangul4sendEhh
 .text._ZN24LiquidCrystal_I2C_Hangul7commandEh
                0x000012c0        0x6 E:\Users\Steven\Documents\GitHub\MICROC~1\7.0\AVR\HELLO_~1\HELLO_~1\ARDUIN~1\Debug\libArduinoCore.a(LiquidCrystal_I2C_Hangul.o)
                0x000012c0                _ZN24LiquidCrystal_I2C_Hangul7commandEh
 .text._ZN24LiquidCrystal_I2C_Hangul5clearEv
                0x000012c6        0xe E:\Users\Steven\Documents\GitHub\MICROC~1\7.0\AVR\HELLO_~1\HELLO_~1\ARDUIN~1\Debug\libArduinoCore.a(LiquidCrystal_I2C_Hangul.o)
                0x000012c6                _ZN24LiquidCrystal_I2C_Hangul5clearEv
 .text._ZN24LiquidCrystal_I2C_Hangul4homeEv
                0x000012d4        0xe E:\Users\Steven\Documents\GitHub\MICROC~1\7.0\AVR\HELLO_~1\HELLO_~1\ARDUIN~1\Debug\libArduinoCore.a(LiquidCrystal_I2C_Hangul.o)
                0x000012d4                _ZN24LiquidCrystal_I2C_Hangul4homeEv
 .text._ZN24LiquidCrystal_I2C_Hangul9setCursorEhh
                0x000012e2       0x5c E:\Users\Steven\Documents\GitHub\MICROC~1\7.0\AVR\HELLO_~1\HELLO_~1\ARDUIN~1\Debug\libArduinoCore.a(LiquidCrystal_I2C_Hangul.o)
                0x000012e2                _ZN24LiquidCrystal_I2C_Hangul9setCursorEhh
 .text._ZN24LiquidCrystal_I2C_Hangul7displayEv
                0x0000133e       0x10 E:\Users\Steven\Documents\GitHub\MICROC~1\7.0\AVR\HELLO_~1\HELLO_~1\ARDUIN~1\Debug\libArduinoCore.a(LiquidCrystal_I2C_Hangul.o)
                0x0000133e                _ZN24LiquidCrystal_I2C_Hangul7displayEv
 .text._ZN24LiquidCrystal_I2C_Hangul5writeEh
                0x0000134e        0xc E:\Users\Steven\Documents\GitHub\MICROC~1\7.0\AVR\HELLO_~1\HELLO_~1\ARDUIN~1\Debug\libArduinoCore.a(LiquidCrystal_I2C_Hangul.o)
                0x0000134e                _ZN24LiquidCrystal_I2C_Hangul5writeEh
 .text._ZN24LiquidCrystal_I2C_Hangul5beginEhhh
                0x0000135a       0xa8 E:\Users\Steven\Documents\GitHub\MICROC~1\7.0\AVR\HELLO_~1\HELLO_~1\ARDUIN~1\Debug\libArduinoCore.a(LiquidCrystal_I2C_Hangul.o)
                0x0000135a                _ZN24LiquidCrystal_I2C_Hangul5beginEhhh
 .text._ZN24LiquidCrystal_I2C_Hangul9init_privEv
                0x00001402       0x20 E:\Users\Steven\Documents\GitHub\MICROC~1\7.0\AVR\HELLO_~1\HELLO_~1\ARDUIN~1\Debug\libArduinoCore.a(LiquidCrystal_I2C_Hangul.o)
                0x00001402                _ZN24LiquidCrystal_I2C_Hangul9init_privEv
 .text._ZN24LiquidCrystal_I2C_Hangul4initEv
                0x00001422        0x4 E:\Users\Steven\Documents\GitHub\MICROC~1\7.0\AVR\HELLO_~1\HELLO_~1\ARDUIN~1\Debug\libArduinoCore.a(LiquidCrystal_I2C_Hangul.o)
                0x00001422                _ZN24LiquidCrystal_I2C_Hangul4initEv
 .text._ZN7TwoWire9availableEv
                0x00001426       0x10 E:\Users\Steven\Documents\GitHub\MICROC~1\7.0\AVR\HELLO_~1\HELLO_~1\ARDUIN~1\Debug\libArduinoCore.a(Wire.o)
                0x00001426                _ZN7TwoWire9availableEv
 .text._ZN7TwoWire4readEv
                0x00001436       0x28 E:\Users\Steven\Documents\GitHub\MICROC~1\7.0\AVR\HELLO_~1\HELLO_~1\ARDUIN~1\Debug\libArduinoCore.a(Wire.o)
                0x00001436                _ZN7TwoWire4readEv
 .text._ZN7TwoWire4peekEv
                0x0000145e       0x1e E:\Users\Steven\Documents\GitHub\MICROC~1\7.0\AVR\HELLO_~1\HELLO_~1\ARDUIN~1\Debug\libArduinoCore.a(Wire.o)
                0x0000145e                _ZN7TwoWire4peekEv
 .text._ZN7TwoWire5flushEv
                0x0000147c        0x2 E:\Users\Steven\Documents\GitHub\MICROC~1\7.0\AVR\HELLO_~1\HELLO_~1\ARDUIN~1\Debug\libArduinoCore.a(Wire.o)
                0x0000147c                _ZN7TwoWire5flushEv
 .text._ZN7TwoWire16onReceiveServiceEPhi
                0x0000147e       0x54 E:\Users\Steven\Documents\GitHub\MICROC~1\7.0\AVR\HELLO_~1\HELLO_~1\ARDUIN~1\Debug\libArduinoCore.a(Wire.o)
                0x0000147e                _ZN7TwoWire16onReceiveServiceEPhi
 .text._ZN7TwoWire16onRequestServiceEv
                0x000014d2       0x18 E:\Users\Steven\Documents\GitHub\MICROC~1\7.0\AVR\HELLO_~1\HELLO_~1\ARDUIN~1\Debug\libArduinoCore.a(Wire.o)
                0x000014d2                _ZN7TwoWire16onRequestServiceEv
 .text._ZN7TwoWire5writeEPKhj
                0x000014ea       0x5a E:\Users\Steven\Documents\GitHub\MICROC~1\7.0\AVR\HELLO_~1\HELLO_~1\ARDUIN~1\Debug\libArduinoCore.a(Wire.o)
                0x000014ea                _ZN7TwoWire5writeEPKhj
 .text._ZN7TwoWire5writeEh
                0x00001544       0x5e E:\Users\Steven\Documents\GitHub\MICROC~1\7.0\AVR\HELLO_~1\HELLO_~1\ARDUIN~1\Debug\libArduinoCore.a(Wire.o)
                0x00001544                _ZN7TwoWire5writeEh
 .text._ZN7TwoWireC2Ev
                0x000015a2       0x20 E:\Users\Steven\Documents\GitHub\MICROC~1\7.0\AVR\HELLO_~1\HELLO_~1\ARDUIN~1\Debug\libArduinoCore.a(Wire.o)
                0x000015a2                _ZN7TwoWireC1Ev
                0x000015a2                _ZN7TwoWireC2Ev
 .text._ZN7TwoWire5beginEv
                0x000015c2       0x24 E:\Users\Steven\Documents\GitHub\MICROC~1\7.0\AVR\HELLO_~1\HELLO_~1\ARDUIN~1\Debug\libArduinoCore.a(Wire.o)
                0x000015c2                _ZN7TwoWire5beginEv
 .text._ZN7TwoWire17beginTransmissionEh
                0x000015e6       0x14 E:\Users\Steven\Documents\GitHub\MICROC~1\7.0\AVR\HELLO_~1\HELLO_~1\ARDUIN~1\Debug\libArduinoCore.a(Wire.o)
                0x000015e6                _ZN7TwoWire17beginTransmissionEh
 .text._ZN7TwoWire15endTransmissionEh
                0x000015fa       0x26 E:\Users\Steven\Documents\GitHub\MICROC~1\7.0\AVR\HELLO_~1\HELLO_~1\ARDUIN~1\Debug\libArduinoCore.a(Wire.o)
                0x000015fa                _ZN7TwoWire15endTransmissionEh
 .text._ZN7TwoWire15endTransmissionEv
                0x00001620        0x6 E:\Users\Steven\Documents\GitHub\MICROC~1\7.0\AVR\HELLO_~1\HELLO_~1\ARDUIN~1\Debug\libArduinoCore.a(Wire.o)
                0x00001620                _ZN7TwoWire15endTransmissionEv
 .text.startup._GLOBAL__sub_I__ZN7TwoWire8rxBufferE
                0x00001626        0x8 E:\Users\Steven\Documents\GitHub\MICROC~1\7.0\AVR\HELLO_~1\HELLO_~1\ARDUIN~1\Debug\libArduinoCore.a(Wire.o)
 .text.__empty  0x0000162e        0x2 E:\Users\Steven\Documents\GitHub\MICROC~1\7.0\AVR\HELLO_~1\HELLO_~1\ARDUIN~1\Debug\libArduinoCore.a(hooks.o)
                0x0000162e                yield
 .text.twi_init
                0x00001630       0x3c E:\Users\Steven\Documents\GitHub\MICROC~1\7.0\AVR\HELLO_~1\HELLO_~1\ARDUIN~1\Debug\libArduinoCore.a(twi.o)
                0x00001630                twi_init
 .text.twi_disable
                0x0000166c       0x1a E:\Users\Steven\Documents\GitHub\MICROC~1\7.0\AVR\HELLO_~1\HELLO_~1\ARDUIN~1\Debug\libArduinoCore.a(twi.o)
                0x0000166c                twi_disable
 .text.twi_transmit
                0x00001686       0x50 E:\Users\Steven\Documents\GitHub\MICROC~1\7.0\AVR\HELLO_~1\HELLO_~1\ARDUIN~1\Debug\libArduinoCore.a(twi.o)
                0x00001686                twi_transmit
 .text.twi_attachSlaveRxEvent
                0x000016d6        0xa E:\Users\Steven\Documents\GitHub\MICROC~1\7.0\AVR\HELLO_~1\HELLO_~1\ARDUIN~1\Debug\libArduinoCore.a(twi.o)
                0x000016d6                twi_attachSlaveRxEvent
 .text.twi_attachSlaveTxEvent
                0x000016e0        0xa E:\Users\Steven\Documents\GitHub\MICROC~1\7.0\AVR\HELLO_~1\HELLO_~1\ARDUIN~1\Debug\libArduinoCore.a(twi.o)
                0x000016e0                twi_attachSlaveTxEvent
 .text.twi_releaseBus
                0x000016ea        0xc E:\Users\Steven\Documents\GitHub\MICROC~1\7.0\AVR\HELLO_~1\HELLO_~1\ARDUIN~1\Debug\libArduinoCore.a(twi.o)
                0x000016ea                twi_releaseBus
 .text.twi_handleTimeout
                0x000016f6       0x2c E:\Users\Steven\Documents\GitHub\MICROC~1\7.0\AVR\HELLO_~1\HELLO_~1\ARDUIN~1\Debug\libArduinoCore.a(twi.o)
                0x000016f6                twi_handleTimeout
 .text.twi_writeTo
                0x00001722      0x1e0 E:\Users\Steven\Documents\GitHub\MICROC~1\7.0\AVR\HELLO_~1\HELLO_~1\ARDUIN~1\Debug\libArduinoCore.a(twi.o)
                0x00001722                twi_writeTo
 .text.twi_stop
                0x00001902       0x70 E:\Users\Steven\Documents\GitHub\MICROC~1\7.0\AVR\HELLO_~1\HELLO_~1\ARDUIN~1\Debug\libArduinoCore.a(twi.o)
                0x00001902                twi_stop
 .text.__vector_24
                0x00001972      0x25a E:\Users\Steven\Documents\GitHub\MICROC~1\7.0\AVR\HELLO_~1\HELLO_~1\ARDUIN~1\Debug\libArduinoCore.a(twi.o)
                0x00001972                __vector_24
 .text.turnOffPWM
                0x00001bcc       0x52 E:\Users\Steven\Documents\GitHub\MICROC~1\7.0\AVR\HELLO_~1\HELLO_~1\ARDUIN~1\Debug\libArduinoCore.a(wiring_digital.o)
 .text.digitalWrite
                0x00001c1e       0x5e E:\Users\Steven\Documents\GitHub\MICROC~1\7.0\AVR\HELLO_~1\HELLO_~1\ARDUIN~1\Debug\libArduinoCore.a(wiring_digital.o)
                0x00001c1e                digitalWrite
 .text.libgcc.div
                0x00001c7c       0x44 c:/program files (x86)/atmel/studio/7.0/toolchain/avr8/avr8-gnu-toolchain/bin/../lib/gcc/avr/5.4.0/avr5\libgcc.a(_udivmodsi4.o)
                0x00001c7c                __udivmodsi4
 .text.libgcc   0x00001cc0        0xc c:/program files (x86)/atmel/studio/7.0/toolchain/avr8/avr8-gnu-toolchain/bin/../lib/gcc/avr/5.4.0/avr5\libgcc.a(_tablejump2.o)
                0x00001cc0                __tablejump2__
                0x00001ccc                . = ALIGN (0x2)
 *(.fini9)
 .fini9         0x00001ccc        0x0 c:/program files (x86)/atmel/studio/7.0/toolchain/avr8/avr8-gnu-toolchain/bin/../lib/gcc/avr/5.4.0/avr5\libgcc.a(_exit.o)
                0x00001ccc                _exit
                0x00001ccc                exit
 *(.fini9)
 *(.fini8)
 *(.fini8)
 *(.fini7)
 *(.fini7)
 *(.fini6)
 *(.fini6)
 *(.fini5)
 *(.fini5)
 *(.fini4)
 *(.fini4)
 *(.fini3)
 *(.fini3)
 *(.fini2)
 *(.fini2)
 *(.fini1)
 *(.fini1)
 *(.fini0)
 .fini0         0x00001ccc        0x4 c:/program files (x86)/atmel/studio/7.0/toolchain/avr8/avr8-gnu-toolchain/bin/../lib/gcc/avr/5.4.0/avr5\libgcc.a(_exit.o)
 *(.fini0)
                0x00001cd0                _etext = .

.data           0x00800100      0x18c load address 0x00001cd0
                0x00800100                PROVIDE (__data_start, .)
 *(.data)
 *(.data*)
 *(.gnu.linkonce.d*)
 *(.rodata)
 .rodata        0x00800100      0x119 E:\Users\Steven\Documents\GitHub\MICROC~1\7.0\AVR\HELLO_~1\HELLO_~1\ARDUIN~1\Debug\libArduinoCore.a(LiquidCrystal_I2C_Hangul.o)
 *(.rodata*)
 .rodata.str1.1
                0x00800219       0x34 Sketch.o
 .rodata._ZTV14HardwareSerial
                0x0080024d       0x12 E:\Users\Steven\Documents\GitHub\MICROC~1\7.0\AVR\HELLO_~1\HELLO_~1\ARDUIN~1\Debug\libArduinoCore.a(HardwareSerial.o)
                0x0080024d                _ZTV14HardwareSerial
 .rodata.str1.1
                0x0080025f        0xf E:\Users\Steven\Documents\GitHub\MICROC~1\7.0\AVR\HELLO_~1\HELLO_~1\ARDUIN~1\Debug\libArduinoCore.a(Print.o)
 .rodata._ZTV24LiquidCrystal_I2C_Hangul
                0x0080026e        0xc E:\Users\Steven\Documents\GitHub\MICROC~1\7.0\AVR\HELLO_~1\HELLO_~1\ARDUIN~1\Debug\libArduinoCore.a(LiquidCrystal_I2C_Hangul.o)
                0x0080026e                _ZTV24LiquidCrystal_I2C_Hangul
 .rodata._ZTV7TwoWire
                0x0080027a       0x12 E:\Users\Steven\Documents\GitHub\MICROC~1\7.0\AVR\HELLO_~1\HELLO_~1\ARDUIN~1\Debug\libArduinoCore.a(Wire.o)
                0x0080027a                _ZTV7TwoWire
 *(.gnu.linkonce.r*)
                0x0080028c                . = ALIGN (0x2)
                0x0080028c                _edata = .
                0x0080028c                PROVIDE (__data_end, .)

.bss            0x0080028c      0x3dc
                0x0080028c                PROVIDE (__bss_start, .)
 *(.bss)
 *(.bss*)
 .bss.lcd       0x0080028c      0x26c Sketch.o
                0x0080028c                lcd
 .bss.Serial    0x008004f8       0x9d E:\Users\Steven\Documents\GitHub\MICROC~1\7.0\AVR\HELLO_~1\HELLO_~1\ARDUIN~1\Debug\libArduinoCore.a(HardwareSerial0.o)
                0x008004f8                Serial
 .bss.timer0_fract
                0x00800595        0x1 E:\Users\Steven\Documents\GitHub\MICROC~1\7.0\AVR\HELLO_~1\HELLO_~1\ARDUIN~1\Debug\libArduinoCore.a(wiring.o)
 .bss.timer0_millis
                0x00800596        0x4 E:\Users\Steven\Documents\GitHub\MICROC~1\7.0\AVR\HELLO_~1\HELLO_~1\ARDUIN~1\Debug\libArduinoCore.a(wiring.o)
                0x00800596                timer0_millis
 .bss.timer0_overflow_count
                0x0080059a        0x4 E:\Users\Steven\Documents\GitHub\MICROC~1\7.0\AVR\HELLO_~1\HELLO_~1\ARDUIN~1\Debug\libArduinoCore.a(wiring.o)
                0x0080059a                timer0_overflow_count
 .bss.Wire      0x0080059e        0xc E:\Users\Steven\Documents\GitHub\MICROC~1\7.0\AVR\HELLO_~1\HELLO_~1\ARDUIN~1\Debug\libArduinoCore.a(Wire.o)
                0x0080059e                Wire
 .bss._ZN7TwoWire14user_onReceiveE
                0x008005aa        0x2 E:\Users\Steven\Documents\GitHub\MICROC~1\7.0\AVR\HELLO_~1\HELLO_~1\ARDUIN~1\Debug\libArduinoCore.a(Wire.o)
                0x008005aa                _ZN7TwoWire14user_onReceiveE
 .bss._ZN7TwoWire14user_onRequestE
                0x008005ac        0x2 E:\Users\Steven\Documents\GitHub\MICROC~1\7.0\AVR\HELLO_~1\HELLO_~1\ARDUIN~1\Debug\libArduinoCore.a(Wire.o)
                0x008005ac                _ZN7TwoWire14user_onRequestE
 .bss._ZN7TwoWire12transmittingE
                0x008005ae        0x1 E:\Users\Steven\Documents\GitHub\MICROC~1\7.0\AVR\HELLO_~1\HELLO_~1\ARDUIN~1\Debug\libArduinoCore.a(Wire.o)
                0x008005ae                _ZN7TwoWire12transmittingE
 .bss._ZN7TwoWire14txBufferLengthE
                0x008005af        0x1 E:\Users\Steven\Documents\GitHub\MICROC~1\7.0\AVR\HELLO_~1\HELLO_~1\ARDUIN~1\Debug\libArduinoCore.a(Wire.o)
                0x008005af                _ZN7TwoWire14txBufferLengthE
 .bss._ZN7TwoWire13txBufferIndexE
                0x008005b0        0x1 E:\Users\Steven\Documents\GitHub\MICROC~1\7.0\AVR\HELLO_~1\HELLO_~1\ARDUIN~1\Debug\libArduinoCore.a(Wire.o)
                0x008005b0                _ZN7TwoWire13txBufferIndexE
 .bss._ZN7TwoWire8txBufferE
                0x008005b1       0x20 E:\Users\Steven\Documents\GitHub\MICROC~1\7.0\AVR\HELLO_~1\HELLO_~1\ARDUIN~1\Debug\libArduinoCore.a(Wire.o)
                0x008005b1                _ZN7TwoWire8txBufferE
 .bss._ZN7TwoWire9txAddressE
                0x008005d1        0x1 E:\Users\Steven\Documents\GitHub\MICROC~1\7.0\AVR\HELLO_~1\HELLO_~1\ARDUIN~1\Debug\libArduinoCore.a(Wire.o)
                0x008005d1                _ZN7TwoWire9txAddressE
 .bss._ZN7TwoWire14rxBufferLengthE
                0x008005d2        0x1 E:\Users\Steven\Documents\GitHub\MICROC~1\7.0\AVR\HELLO_~1\HELLO_~1\ARDUIN~1\Debug\libArduinoCore.a(Wire.o)
                0x008005d2                _ZN7TwoWire14rxBufferLengthE
 .bss._ZN7TwoWire13rxBufferIndexE
                0x008005d3        0x1 E:\Users\Steven\Documents\GitHub\MICROC~1\7.0\AVR\HELLO_~1\HELLO_~1\ARDUIN~1\Debug\libArduinoCore.a(Wire.o)
                0x008005d3                _ZN7TwoWire13rxBufferIndexE
 .bss._ZN7TwoWire8rxBufferE
                0x008005d4       0x20 E:\Users\Steven\Documents\GitHub\MICROC~1\7.0\AVR\HELLO_~1\HELLO_~1\ARDUIN~1\Debug\libArduinoCore.a(Wire.o)
                0x008005d4                _ZN7TwoWire8rxBufferE
 .bss.twi_error
                0x008005f4        0x1 E:\Users\Steven\Documents\GitHub\MICROC~1\7.0\AVR\HELLO_~1\HELLO_~1\ARDUIN~1\Debug\libArduinoCore.a(twi.o)
 .bss.twi_rxBufferIndex
                0x008005f5        0x1 E:\Users\Steven\Documents\GitHub\MICROC~1\7.0\AVR\HELLO_~1\HELLO_~1\ARDUIN~1\Debug\libArduinoCore.a(twi.o)
 .bss.twi_rxBuffer
                0x008005f6       0x20 E:\Users\Steven\Documents\GitHub\MICROC~1\7.0\AVR\HELLO_~1\HELLO_~1\ARDUIN~1\Debug\libArduinoCore.a(twi.o)
 .bss.twi_txBufferLength
                0x00800616        0x1 E:\Users\Steven\Documents\GitHub\MICROC~1\7.0\AVR\HELLO_~1\HELLO_~1\ARDUIN~1\Debug\libArduinoCore.a(twi.o)
 .bss.twi_txBufferIndex
                0x00800617        0x1 E:\Users\Steven\Documents\GitHub\MICROC~1\7.0\AVR\HELLO_~1\HELLO_~1\ARDUIN~1\Debug\libArduinoCore.a(twi.o)
 .bss.twi_txBuffer
                0x00800618       0x20 E:\Users\Steven\Documents\GitHub\MICROC~1\7.0\AVR\HELLO_~1\HELLO_~1\ARDUIN~1\Debug\libArduinoCore.a(twi.o)
 .bss.twi_masterBufferLength
                0x00800638        0x1 E:\Users\Steven\Documents\GitHub\MICROC~1\7.0\AVR\HELLO_~1\HELLO_~1\ARDUIN~1\Debug\libArduinoCore.a(twi.o)
 .bss.twi_masterBufferIndex
                0x00800639        0x1 E:\Users\Steven\Documents\GitHub\MICROC~1\7.0\AVR\HELLO_~1\HELLO_~1\ARDUIN~1\Debug\libArduinoCore.a(twi.o)
 .bss.twi_masterBuffer
                0x0080063a       0x20 E:\Users\Steven\Documents\GitHub\MICROC~1\7.0\AVR\HELLO_~1\HELLO_~1\ARDUIN~1\Debug\libArduinoCore.a(twi.o)
 .bss.twi_onSlaveReceive
                0x0080065a        0x2 E:\Users\Steven\Documents\GitHub\MICROC~1\7.0\AVR\HELLO_~1\HELLO_~1\ARDUIN~1\Debug\libArduinoCore.a(twi.o)
 .bss.twi_onSlaveTransmit
                0x0080065c        0x2 E:\Users\Steven\Documents\GitHub\MICROC~1\7.0\AVR\HELLO_~1\HELLO_~1\ARDUIN~1\Debug\libArduinoCore.a(twi.o)
 .bss.twi_do_reset_on_timeout
                0x0080065e        0x1 E:\Users\Steven\Documents\GitHub\MICROC~1\7.0\AVR\HELLO_~1\HELLO_~1\ARDUIN~1\Debug\libArduinoCore.a(twi.o)
 .bss.twi_timed_out_flag
                0x0080065f        0x1 E:\Users\Steven\Documents\GitHub\MICROC~1\7.0\AVR\HELLO_~1\HELLO_~1\ARDUIN~1\Debug\libArduinoCore.a(twi.o)
 .bss.twi_timeout_us
                0x00800660        0x4 E:\Users\Steven\Documents\GitHub\MICROC~1\7.0\AVR\HELLO_~1\HELLO_~1\ARDUIN~1\Debug\libArduinoCore.a(twi.o)
 .bss.twi_inRepStart
                0x00800664        0x1 E:\Users\Steven\Documents\GitHub\MICROC~1\7.0\AVR\HELLO_~1\HELLO_~1\ARDUIN~1\Debug\libArduinoCore.a(twi.o)
 .bss.twi_sendStop
                0x00800665        0x1 E:\Users\Steven\Documents\GitHub\MICROC~1\7.0\AVR\HELLO_~1\HELLO_~1\ARDUIN~1\Debug\libArduinoCore.a(twi.o)
 .bss.twi_slarw
                0x00800666        0x1 E:\Users\Steven\Documents\GitHub\MICROC~1\7.0\AVR\HELLO_~1\HELLO_~1\ARDUIN~1\Debug\libArduinoCore.a(twi.o)
 .bss.twi_state
                0x00800667        0x1 E:\Users\Steven\Documents\GitHub\MICROC~1\7.0\AVR\HELLO_~1\HELLO_~1\ARDUIN~1\Debug\libArduinoCore.a(twi.o)
 *(COMMON)
                0x00800668                PROVIDE (__bss_end, .)
                0x00001cd0                __data_load_start = LOADADDR (.data)
                0x00001e5c                __data_load_end = (__data_load_start + SIZEOF (.data))

.noinit         0x00800668        0x0
                [!provide]                PROVIDE (__noinit_start, .)
 *(.noinit*)
                [!provide]                PROVIDE (__noinit_end, .)
                0x00800668                _end = .
                [!provide]                PROVIDE (__heap_start, .)

.eeprom         0x00810000        0x0
 *(.eeprom*)
                0x00810000                __eeprom_end = .

.fuse
 *(.fuse)
 *(.lfuse)
 *(.hfuse)
 *(.efuse)

.lock
 *(.lock*)

.signature
 *(.signature*)

.user_signatures
 *(.user_signatures*)

.stab
 *(.stab)

.stabstr
 *(.stabstr)

.stab.excl
 *(.stab.excl)

.stab.exclstr
 *(.stab.exclstr)

.stab.index
 *(.stab.index)

.stab.indexstr
 *(.stab.indexstr)

.comment        0x00000000       0x30
 *(.comment)
 .comment       0x00000000       0x30 Sketch.o
                                 0x31 (size before relaxing)
 .comment       0x00000030       0x31 E:\Users\Steven\Documents\GitHub\MICROC~1\7.0\AVR\HELLO_~1\HELLO_~1\ARDUIN~1\Debug\libArduinoCore.a(HardwareSerial.o)
 .comment       0x00000030       0x31 E:\Users\Steven\Documents\GitHub\MICROC~1\7.0\AVR\HELLO_~1\HELLO_~1\ARDUIN~1\Debug\libArduinoCore.a(HardwareSerial0.o)
 .comment       0x00000030       0x31 E:\Users\Steven\Documents\GitHub\MICROC~1\7.0\AVR\HELLO_~1\HELLO_~1\ARDUIN~1\Debug\libArduinoCore.a(main.o)
 .comment       0x00000030       0x31 E:\Users\Steven\Documents\GitHub\MICROC~1\7.0\AVR\HELLO_~1\HELLO_~1\ARDUIN~1\Debug\libArduinoCore.a(Print.o)
 .comment       0x00000030       0x31 E:\Users\Steven\Documents\GitHub\MICROC~1\7.0\AVR\HELLO_~1\HELLO_~1\ARDUIN~1\Debug\libArduinoCore.a(wiring.o)
 .comment       0x00000030       0x31 E:\Users\Steven\Documents\GitHub\MICROC~1\7.0\AVR\HELLO_~1\HELLO_~1\ARDUIN~1\Debug\libArduinoCore.a(LiquidCrystal_I2C_Hangul.o)
 .comment       0x00000030       0x31 E:\Users\Steven\Documents\GitHub\MICROC~1\7.0\AVR\HELLO_~1\HELLO_~1\ARDUIN~1\Debug\libArduinoCore.a(Wire.o)
 .comment       0x00000030       0x31 E:\Users\Steven\Documents\GitHub\MICROC~1\7.0\AVR\HELLO_~1\HELLO_~1\ARDUIN~1\Debug\libArduinoCore.a(hooks.o)
 .comment       0x00000030       0x31 E:\Users\Steven\Documents\GitHub\MICROC~1\7.0\AVR\HELLO_~1\HELLO_~1\ARDUIN~1\Debug\libArduinoCore.a(twi.o)
 .comment       0x00000030       0x31 E:\Users\Steven\Documents\GitHub\MICROC~1\7.0\AVR\HELLO_~1\HELLO_~1\ARDUIN~1\Debug\libArduinoCore.a(wiring_digital.o)

.note.gnu.avr.deviceinfo
                0x00000000       0x40
 .note.gnu.avr.deviceinfo
                0x00000000       0x40 C:/Program Files (x86)/Atmel/Studio/7.0/Packs/Atmel/ATmega_DFP/2.0.401/gcc/dev/atmega328p/avr5/crtatmega328p.o

.note.gnu.build-id
 *(.note.gnu.build-id)

.debug
 *(.debug)

.line
 *(.line)

.debug_srcinfo
 *(.debug_srcinfo)

.debug_sfnames
 *(.debug_sfnames)

.debug_aranges  0x00000000      0x600
 *(.debug_aranges)
 .debug_aranges
                0x00000000       0x30 Sketch.o
 .debug_aranges
                0x00000030       0x68 E:\Users\Steven\Documents\GitHub\MICROC~1\7.0\AVR\HELLO_~1\HELLO_~1\ARDUIN~1\Debug\libArduinoCore.a(HardwareSerial.o)
 .debug_aranges
                0x00000098       0x48 E:\Users\Steven\Documents\GitHub\MICROC~1\7.0\AVR\HELLO_~1\HELLO_~1\ARDUIN~1\Debug\libArduinoCore.a(HardwareSerial0.o)
 .debug_aranges
                0x000000e0       0x30 E:\Users\Steven\Documents\GitHub\MICROC~1\7.0\AVR\HELLO_~1\HELLO_~1\ARDUIN~1\Debug\libArduinoCore.a(main.o)
 .debug_aranges
                0x00000110      0x100 E:\Users\Steven\Documents\GitHub\MICROC~1\7.0\AVR\HELLO_~1\HELLO_~1\ARDUIN~1\Debug\libArduinoCore.a(Print.o)
 .debug_aranges
                0x00000210       0x48 E:\Users\Steven\Documents\GitHub\MICROC~1\7.0\AVR\HELLO_~1\HELLO_~1\ARDUIN~1\Debug\libArduinoCore.a(wiring.o)
 .debug_aranges
                0x00000258      0x1a8 E:\Users\Steven\Documents\GitHub\MICROC~1\7.0\AVR\HELLO_~1\HELLO_~1\ARDUIN~1\Debug\libArduinoCore.a(LiquidCrystal_I2C_Hangul.o)
 .debug_aranges
                0x00000400      0x110 E:\Users\Steven\Documents\GitHub\MICROC~1\7.0\AVR\HELLO_~1\HELLO_~1\ARDUIN~1\Debug\libArduinoCore.a(Wire.o)
 .debug_aranges
                0x00000510       0x20 E:\Users\Steven\Documents\GitHub\MICROC~1\7.0\AVR\HELLO_~1\HELLO_~1\ARDUIN~1\Debug\libArduinoCore.a(hooks.o)
 .debug_aranges
                0x00000530       0x98 E:\Users\Steven\Documents\GitHub\MICROC~1\7.0\AVR\HELLO_~1\HELLO_~1\ARDUIN~1\Debug\libArduinoCore.a(twi.o)
 .debug_aranges
                0x000005c8       0x38 E:\Users\Steven\Documents\GitHub\MICROC~1\7.0\AVR\HELLO_~1\HELLO_~1\ARDUIN~1\Debug\libArduinoCore.a(wiring_digital.o)

.debug_pubnames
 *(.debug_pubnames)

.debug_info     0x00000000     0xd0ca
 *(.debug_info .gnu.linkonce.wi.*)
 .debug_info    0x00000000      0x5f4 C:/Program Files (x86)/Atmel/Studio/7.0/Packs/Atmel/ATmega_DFP/2.0.401/gcc/dev/atmega328p/avr5/crtatmega328p.o
 .debug_info    0x000005f4      0x532 Sketch.o
 .debug_info    0x00000b26     0x1f64 E:\Users\Steven\Documents\GitHub\MICROC~1\7.0\AVR\HELLO_~1\HELLO_~1\ARDUIN~1\Debug\libArduinoCore.a(HardwareSerial.o)
 .debug_info    0x00002a8a     0x1b16 E:\Users\Steven\Documents\GitHub\MICROC~1\7.0\AVR\HELLO_~1\HELLO_~1\ARDUIN~1\Debug\libArduinoCore.a(HardwareSerial0.o)
 .debug_info    0x000045a0      0x237 E:\Users\Steven\Documents\GitHub\MICROC~1\7.0\AVR\HELLO_~1\HELLO_~1\ARDUIN~1\Debug\libArduinoCore.a(main.o)
 .debug_info    0x000047d7     0x28ff E:\Users\Steven\Documents\GitHub\MICROC~1\7.0\AVR\HELLO_~1\HELLO_~1\ARDUIN~1\Debug\libArduinoCore.a(Print.o)
 .debug_info    0x000070d6      0x2cb E:\Users\Steven\Documents\GitHub\MICROC~1\7.0\AVR\HELLO_~1\HELLO_~1\ARDUIN~1\Debug\libArduinoCore.a(wiring.o)
 .debug_info    0x000073a1     0x2501 E:\Users\Steven\Documents\GitHub\MICROC~1\7.0\AVR\HELLO_~1\HELLO_~1\ARDUIN~1\Debug\libArduinoCore.a(LiquidCrystal_I2C_Hangul.o)
 .debug_info    0x000098a2     0x2910 E:\Users\Steven\Documents\GitHub\MICROC~1\7.0\AVR\HELLO_~1\HELLO_~1\ARDUIN~1\Debug\libArduinoCore.a(Wire.o)
 .debug_info    0x0000c1b2       0x3e E:\Users\Steven\Documents\GitHub\MICROC~1\7.0\AVR\HELLO_~1\HELLO_~1\ARDUIN~1\Debug\libArduinoCore.a(hooks.o)
 .debug_info    0x0000c1f0      0x8dc E:\Users\Steven\Documents\GitHub\MICROC~1\7.0\AVR\HELLO_~1\HELLO_~1\ARDUIN~1\Debug\libArduinoCore.a(twi.o)
 .debug_info    0x0000cacc      0x5fe E:\Users\Steven\Documents\GitHub\MICROC~1\7.0\AVR\HELLO_~1\HELLO_~1\ARDUIN~1\Debug\libArduinoCore.a(wiring_digital.o)

.debug_abbrev   0x00000000     0x25ae
 *(.debug_abbrev)
 .debug_abbrev  0x00000000      0x5a2 C:/Program Files (x86)/Atmel/Studio/7.0/Packs/Atmel/ATmega_DFP/2.0.401/gcc/dev/atmega328p/avr5/crtatmega328p.o
 .debug_abbrev  0x000005a2      0x203 Sketch.o
 .debug_abbrev  0x000007a5      0x4b7 E:\Users\Steven\Documents\GitHub\MICROC~1\7.0\AVR\HELLO_~1\HELLO_~1\ARDUIN~1\Debug\libArduinoCore.a(HardwareSerial.o)
 .debug_abbrev  0x00000c5c      0x3ce E:\Users\Steven\Documents\GitHub\MICROC~1\7.0\AVR\HELLO_~1\HELLO_~1\ARDUIN~1\Debug\libArduinoCore.a(HardwareSerial0.o)
 .debug_abbrev  0x0000102a      0x12d E:\Users\Steven\Documents\GitHub\MICROC~1\7.0\AVR\HELLO_~1\HELLO_~1\ARDUIN~1\Debug\libArduinoCore.a(main.o)
 .debug_abbrev  0x00001157      0x47a E:\Users\Steven\Documents\GitHub\MICROC~1\7.0\AVR\HELLO_~1\HELLO_~1\ARDUIN~1\Debug\libArduinoCore.a(Print.o)
 .debug_abbrev  0x000015d1      0x146 E:\Users\Steven\Documents\GitHub\MICROC~1\7.0\AVR\HELLO_~1\HELLO_~1\ARDUIN~1\Debug\libArduinoCore.a(wiring.o)
 .debug_abbrev  0x00001717      0x4bd E:\Users\Steven\Documents\GitHub\MICROC~1\7.0\AVR\HELLO_~1\HELLO_~1\ARDUIN~1\Debug\libArduinoCore.a(LiquidCrystal_I2C_Hangul.o)
 .debug_abbrev  0x00001bd4      0x563 E:\Users\Steven\Documents\GitHub\MICROC~1\7.0\AVR\HELLO_~1\HELLO_~1\ARDUIN~1\Debug\libArduinoCore.a(Wire.o)
 .debug_abbrev  0x00002137       0x2a E:\Users\Steven\Documents\GitHub\MICROC~1\7.0\AVR\HELLO_~1\HELLO_~1\ARDUIN~1\Debug\libArduinoCore.a(hooks.o)
 .debug_abbrev  0x00002161      0x2f2 E:\Users\Steven\Documents\GitHub\MICROC~1\7.0\AVR\HELLO_~1\HELLO_~1\ARDUIN~1\Debug\libArduinoCore.a(twi.o)
 .debug_abbrev  0x00002453      0x15b E:\Users\Steven\Documents\GitHub\MICROC~1\7.0\AVR\HELLO_~1\HELLO_~1\ARDUIN~1\Debug\libArduinoCore.a(wiring_digital.o)

.debug_line     0x00000000     0x302f
 *(.debug_line .debug_line.* .debug_line_end)
 .debug_line    0x00000000      0x134 C:/Program Files (x86)/Atmel/Studio/7.0/Packs/Atmel/ATmega_DFP/2.0.401/gcc/dev/atmega328p/avr5/crtatmega328p.o
 .debug_line    0x00000134      0x28f Sketch.o
 .debug_line    0x000003c3      0x4d9 E:\Users\Steven\Documents\GitHub\MICROC~1\7.0\AVR\HELLO_~1\HELLO_~1\ARDUIN~1\Debug\libArduinoCore.a(HardwareSerial.o)
 .debug_line    0x0000089c      0x2a1 E:\Users\Steven\Documents\GitHub\MICROC~1\7.0\AVR\HELLO_~1\HELLO_~1\ARDUIN~1\Debug\libArduinoCore.a(HardwareSerial0.o)
 .debug_line    0x00000b3d      0x17a E:\Users\Steven\Documents\GitHub\MICROC~1\7.0\AVR\HELLO_~1\HELLO_~1\ARDUIN~1\Debug\libArduinoCore.a(main.o)
 .debug_line    0x00000cb7      0x69a E:\Users\Steven\Documents\GitHub\MICROC~1\7.0\AVR\HELLO_~1\HELLO_~1\ARDUIN~1\Debug\libArduinoCore.a(Print.o)
 .debug_line    0x00001351      0x2ae E:\Users\Steven\Documents\GitHub\MICROC~1\7.0\AVR\HELLO_~1\HELLO_~1\ARDUIN~1\Debug\libArduinoCore.a(wiring.o)
 .debug_line    0x000015ff      0xa81 E:\Users\Steven\Documents\GitHub\MICROC~1\7.0\AVR\HELLO_~1\HELLO_~1\ARDUIN~1\Debug\libArduinoCore.a(LiquidCrystal_I2C_Hangul.o)
 .debug_line    0x00002080      0x637 E:\Users\Steven\Documents\GitHub\MICROC~1\7.0\AVR\HELLO_~1\HELLO_~1\ARDUIN~1\Debug\libArduinoCore.a(Wire.o)
 .debug_line    0x000026b7       0x41 E:\Users\Steven\Documents\GitHub\MICROC~1\7.0\AVR\HELLO_~1\HELLO_~1\ARDUIN~1\Debug\libArduinoCore.a(hooks.o)
 .debug_line    0x000026f8      0x6d0 E:\Users\Steven\Documents\GitHub\MICROC~1\7.0\AVR\HELLO_~1\HELLO_~1\ARDUIN~1\Debug\libArduinoCore.a(twi.o)
 .debug_line    0x00002dc8      0x267 E:\Users\Steven\Documents\GitHub\MICROC~1\7.0\AVR\HELLO_~1\HELLO_~1\ARDUIN~1\Debug\libArduinoCore.a(wiring_digital.o)

.debug_frame    0x00000000     0x1190
 *(.debug_frame)
 .debug_frame   0x00000000       0x44 Sketch.o
 .debug_frame   0x00000044      0x110 E:\Users\Steven\Documents\GitHub\MICROC~1\7.0\AVR\HELLO_~1\HELLO_~1\ARDUIN~1\Debug\libArduinoCore.a(HardwareSerial.o)
 .debug_frame   0x00000154       0xe0 E:\Users\Steven\Documents\GitHub\MICROC~1\7.0\AVR\HELLO_~1\HELLO_~1\ARDUIN~1\Debug\libArduinoCore.a(HardwareSerial0.o)
 .debug_frame   0x00000234       0x54 E:\Users\Steven\Documents\GitHub\MICROC~1\7.0\AVR\HELLO_~1\HELLO_~1\ARDUIN~1\Debug\libArduinoCore.a(main.o)
 .debug_frame   0x00000288      0x3ac E:\Users\Steven\Documents\GitHub\MICROC~1\7.0\AVR\HELLO_~1\HELLO_~1\ARDUIN~1\Debug\libArduinoCore.a(Print.o)
 .debug_frame   0x00000634       0xc4 E:\Users\Steven\Documents\GitHub\MICROC~1\7.0\AVR\HELLO_~1\HELLO_~1\ARDUIN~1\Debug\libArduinoCore.a(wiring.o)
 .debug_frame   0x000006f8      0x540 E:\Users\Steven\Documents\GitHub\MICROC~1\7.0\AVR\HELLO_~1\HELLO_~1\ARDUIN~1\Debug\libArduinoCore.a(LiquidCrystal_I2C_Hangul.o)
 .debug_frame   0x00000c38      0x2b0 E:\Users\Steven\Documents\GitHub\MICROC~1\7.0\AVR\HELLO_~1\HELLO_~1\ARDUIN~1\Debug\libArduinoCore.a(Wire.o)
 .debug_frame   0x00000ee8       0x24 E:\Users\Steven\Documents\GitHub\MICROC~1\7.0\AVR\HELLO_~1\HELLO_~1\ARDUIN~1\Debug\libArduinoCore.a(hooks.o)
 .debug_frame   0x00000f0c      0x208 E:\Users\Steven\Documents\GitHub\MICROC~1\7.0\AVR\HELLO_~1\HELLO_~1\ARDUIN~1\Debug\libArduinoCore.a(twi.o)
 .debug_frame   0x00001114       0x7c E:\Users\Steven\Documents\GitHub\MICROC~1\7.0\AVR\HELLO_~1\HELLO_~1\ARDUIN~1\Debug\libArduinoCore.a(wiring_digital.o)

.debug_str      0x00000000     0x35c0
 *(.debug_str)
 .debug_str     0x00000000      0x208 C:/Program Files (x86)/Atmel/Studio/7.0/Packs/Atmel/ATmega_DFP/2.0.401/gcc/dev/atmega328p/avr5/crtatmega328p.o
 .debug_str     0x00000208      0x427 Sketch.o
                                0x483 (size before relaxing)
 .debug_str     0x0000062f     0x134e E:\Users\Steven\Documents\GitHub\MICROC~1\7.0\AVR\HELLO_~1\HELLO_~1\ARDUIN~1\Debug\libArduinoCore.a(HardwareSerial.o)
                               0x1636 (size before relaxing)
 .debug_str     0x0000197d       0x86 E:\Users\Steven\Documents\GitHub\MICROC~1\7.0\AVR\HELLO_~1\HELLO_~1\ARDUIN~1\Debug\libArduinoCore.a(HardwareSerial0.o)
                               0x1429 (size before relaxing)
 .debug_str     0x00001a03       0x37 E:\Users\Steven\Documents\GitHub\MICROC~1\7.0\AVR\HELLO_~1\HELLO_~1\ARDUIN~1\Debug\libArduinoCore.a(main.o)
                                0x2d5 (size before relaxing)
 .debug_str     0x00001a3a      0x3b4 E:\Users\Steven\Documents\GitHub\MICROC~1\7.0\AVR\HELLO_~1\HELLO_~1\ARDUIN~1\Debug\libArduinoCore.a(Print.o)
                               0x1263 (size before relaxing)
 .debug_str     0x00001dee      0x15c E:\Users\Steven\Documents\GitHub\MICROC~1\7.0\AVR\HELLO_~1\HELLO_~1\ARDUIN~1\Debug\libArduinoCore.a(wiring.o)
                                0x26b (size before relaxing)
 .debug_str     0x00001f4a      0xd78 E:\Users\Steven\Documents\GitHub\MICROC~1\7.0\AVR\HELLO_~1\HELLO_~1\ARDUIN~1\Debug\libArduinoCore.a(LiquidCrystal_I2C_Hangul.o)
                               0x11bf (size before relaxing)
 .debug_str     0x00002cc2      0x5e6 E:\Users\Steven\Documents\GitHub\MICROC~1\7.0\AVR\HELLO_~1\HELLO_~1\ARDUIN~1\Debug\libArduinoCore.a(Wire.o)
                               0x19c6 (size before relaxing)
 .debug_str     0x000032a8       0x1c E:\Users\Steven\Documents\GitHub\MICROC~1\7.0\AVR\HELLO_~1\HELLO_~1\ARDUIN~1\Debug\libArduinoCore.a(hooks.o)
                                0x160 (size before relaxing)
 .debug_str     0x000032c4      0x232 E:\Users\Steven\Documents\GitHub\MICROC~1\7.0\AVR\HELLO_~1\HELLO_~1\ARDUIN~1\Debug\libArduinoCore.a(twi.o)
                                0x51a (size before relaxing)
 .debug_str     0x000034f6       0xca E:\Users\Steven\Documents\GitHub\MICROC~1\7.0\AVR\HELLO_~1\HELLO_~1\ARDUIN~1\Debug\libArduinoCore.a(wiring_digital.o)
                                0x2d0 (size before relaxing)

.debug_loc      0x00000000     0x564f
 *(.debug_loc)
 .debug_loc     0x00000000       0x16 Sketch.o
 .debug_loc     0x00000016      0x4dc E:\Users\Steven\Documents\GitHub\MICROC~1\7.0\AVR\HELLO_~1\HELLO_~1\ARDUIN~1\Debug\libArduinoCore.a(HardwareSerial.o)
 .debug_loc     0x000004f2      0x1b0 E:\Users\Steven\Documents\GitHub\MICROC~1\7.0\AVR\HELLO_~1\HELLO_~1\ARDUIN~1\Debug\libArduinoCore.a(HardwareSerial0.o)
 .debug_loc     0x000006a2     0x1c87 E:\Users\Steven\Documents\GitHub\MICROC~1\7.0\AVR\HELLO_~1\HELLO_~1\ARDUIN~1\Debug\libArduinoCore.a(Print.o)
 .debug_loc     0x00002329      0x28d E:\Users\Steven\Documents\GitHub\MICROC~1\7.0\AVR\HELLO_~1\HELLO_~1\ARDUIN~1\Debug\libArduinoCore.a(wiring.o)
 .debug_loc     0x000025b6     0x1563 E:\Users\Steven\Documents\GitHub\MICROC~1\7.0\AVR\HELLO_~1\HELLO_~1\ARDUIN~1\Debug\libArduinoCore.a(LiquidCrystal_I2C_Hangul.o)
 .debug_loc     0x00003b19      0xcbb E:\Users\Steven\Documents\GitHub\MICROC~1\7.0\AVR\HELLO_~1\HELLO_~1\ARDUIN~1\Debug\libArduinoCore.a(Wire.o)
 .debug_loc     0x000047d4      0x87f E:\Users\Steven\Documents\GitHub\MICROC~1\7.0\AVR\HELLO_~1\HELLO_~1\ARDUIN~1\Debug\libArduinoCore.a(twi.o)
 .debug_loc     0x00005053      0x5fc E:\Users\Steven\Documents\GitHub\MICROC~1\7.0\AVR\HELLO_~1\HELLO_~1\ARDUIN~1\Debug\libArduinoCore.a(wiring_digital.o)

.debug_macinfo
 *(.debug_macinfo)

.debug_weaknames
 *(.debug_weaknames)

.debug_funcnames
 *(.debug_funcnames)

.debug_typenames
 *(.debug_typenames)

.debug_varnames
 *(.debug_varnames)

.debug_pubtypes
 *(.debug_pubtypes)

.debug_ranges   0x00000000      0x5e0
 *(.debug_ranges)
 .debug_ranges  0x00000000       0x20 Sketch.o
 .debug_ranges  0x00000020       0x58 E:\Users\Steven\Documents\GitHub\MICROC~1\7.0\AVR\HELLO_~1\HELLO_~1\ARDUIN~1\Debug\libArduinoCore.a(HardwareSerial.o)
 .debug_ranges  0x00000078       0x38 E:\Users\Steven\Documents\GitHub\MICROC~1\7.0\AVR\HELLO_~1\HELLO_~1\ARDUIN~1\Debug\libArduinoCore.a(HardwareSerial0.o)
 .debug_ranges  0x000000b0       0x20 E:\Users\Steven\Documents\GitHub\MICROC~1\7.0\AVR\HELLO_~1\HELLO_~1\ARDUIN~1\Debug\libArduinoCore.a(main.o)
 .debug_ranges  0x000000d0      0x120 E:\Users\Steven\Documents\GitHub\MICROC~1\7.0\AVR\HELLO_~1\HELLO_~1\ARDUIN~1\Debug\libArduinoCore.a(Print.o)
 .debug_ranges  0x000001f0       0x38 E:\Users\Steven\Documents\GitHub\MICROC~1\7.0\AVR\HELLO_~1\HELLO_~1\ARDUIN~1\Debug\libArduinoCore.a(wiring.o)
 .debug_ranges  0x00000228      0x1f8 E:\Users\Steven\Documents\GitHub\MICROC~1\7.0\AVR\HELLO_~1\HELLO_~1\ARDUIN~1\Debug\libArduinoCore.a(LiquidCrystal_I2C_Hangul.o)
 .debug_ranges  0x00000420      0x100 E:\Users\Steven\Documents\GitHub\MICROC~1\7.0\AVR\HELLO_~1\HELLO_~1\ARDUIN~1\Debug\libArduinoCore.a(Wire.o)
 .debug_ranges  0x00000520       0x10 E:\Users\Steven\Documents\GitHub\MICROC~1\7.0\AVR\HELLO_~1\HELLO_~1\ARDUIN~1\Debug\libArduinoCore.a(hooks.o)
 .debug_ranges  0x00000530       0x88 E:\Users\Steven\Documents\GitHub\MICROC~1\7.0\AVR\HELLO_~1\HELLO_~1\ARDUIN~1\Debug\libArduinoCore.a(twi.o)
 .debug_ranges  0x000005b8       0x28 E:\Users\Steven\Documents\GitHub\MICROC~1\7.0\AVR\HELLO_~1\HELLO_~1\ARDUIN~1\Debug\libArduinoCore.a(wiring_digital.o)

.debug_macro
 *(.debug_macro)
OUTPUT(Hello_World_1602_LCD.elf elf32-avr)
LOAD linker stubs
